Microchip MPLAB XC8 Compiler V1.21 ()

Linker command line:

--edf=/Applications/microchip/xc8/v1.21/dat/en_msgs.txt -cs \
  -h+dist/default/production/Laser_Mapping.X.production.sym \
  --cmf=dist/default/production/Laser_Mapping.X.production.cmf -z \
  -Q18F45K22 -o/tmp/cgtkVNqEK \
  -Mdist/default/production/Laser_Mapping.X.production.map -E1 -ver=XC8 \
  -ACODE=00h-07FFFh -ACONST=00h-07FFFh -ASMALLCONST=0600h-06FFhx122 \
  -AMEDIUMCONST=0600h-07FFFh -ACOMRAM=01h-05Fh -AABS1=00h-05FFh \
  -ABIGRAM=01h-05FFh -ARAM=060h-0FFh,0100h-01FFhx5 -ABANK0=060h-0FFh \
  -ABANK1=0100h-01FFh -ABANK2=0200h-02FFh -ABANK3=0300h-03FFh \
  -ABANK4=0400h-04FFh -ABANK5=0500h-05FFh -ASFR=0F38h-0F5Fh,0F60h-0FFFh \
  -preset_vec=00h,intcode,intcodelo,powerup,init,end_init -pramtop=0600h \
  -psmallconst=SMALLCONST -pmediumconst=MEDIUMCONST -pconst=CONST \
  -AFARRAM=00h-00h -ACONFIG=0300000h-030000Dh -pconfig=CONFIG \
  -AIDLOC=0200000h-0200007h -pidloc=IDLOC -AEEDATA=0F00000h-0F000FFh \
  -peeprom_data=EEDATA \
  -prdata=COMRAM,nvrram=COMRAM,nvbit=COMRAM,rbss=COMRAM,rbit=COMRAM \
  -pfarbss=FARRAM,fardata=FARRAM,nvFARRAM=FARRAM \
  -pintsave_regs=BIGRAM,bigbss=BIGRAM,bigdata=BIGRAM -pbss=RAM \
  -pidata=CODE,irdata=CODE,ibigdata=CODE,ifardata=CODE /tmp/cgtNQkw42.obj \
  dist/default/production/Laser_Mapping.X.production.obj 

Object code version is 3.11

Machine type is 18F45K22

Call graph: (short form)




                Name                               Link     Load   Length Selector   Space Scale
/tmp/cgtNQkw42.obj
                end_init                              0        0        4        0       0
                idloc                            200000   200000        8   200000       0
                config                           300000   300000        E   300000       0
dist/default/production/Laser_Mapping.X.production.obj
                text11                             7B84     7B84       62     3DC2       0
                text10                             7BE6     7BE6       62     3DF3       0
                text9                              7A7A     7A7A       3A     3D3D       0
                text8                              7A2C     7A2C       20     3D16       0
                text7                              7AB4     7AB4       3A     3D5A       0
                text6                              7D52     7D52       EA     3EA9       0
                text5                              7C48     7C48       84     3E24       0
                text4                              7A4C     7A4C       2E     3D26       0
                text3                              7AEE     7AEE       40     3D77       0
                text2                              7B2E     7B2E       56     3D97       0
                text1                              7CCC     7CCC       86     3E66       0
                text0                              7E3C     7E3C      1C4     3F1E       0
                cstackCOMRAM                          1        1       31        1       1
                cstackBANK1                         100      100      100      100       1
                dataCOMRAM                           36       36        2        1       1
                cinit                              7A0E     7A0E       1E     3D07       0
                nvCOMRAM                             32       32        4        1       1
                idataCOMRAM                        7A0C     7A0C        2     7A0C       0

TOTAL           Name                               Link     Load   Length     Space
        CLASS   CODE           
                end_init                              0        0        4         0
                text11                             7B84     7B84       62         0
                text10                             7BE6     7BE6       62         0
                text9                              7A7A     7A7A       3A         0
                text8                              7A2C     7A2C       20         0
                text7                              7AB4     7AB4       3A         0
                text6                              7D52     7D52       EA         0
                text5                              7C48     7C48       84         0
                text4                              7A4C     7A4C       2E         0
                text3                              7AEE     7AEE       40         0
                text2                              7B2E     7B2E       56         0
                text1                              7CCC     7CCC       86         0
                text0                              7E3C     7E3C      1C4         0
                cinit                              7A0E     7A0E       1E         0
                idataCOMRAM                        7A0C     7A0C        2         0

        CLASS   CONST          

        CLASS   SMALLCONST     

        CLASS   MEDIUMCONST    

        CLASS   COMRAM         
                cstackCOMRAM                          1        1       31         1
                dataCOMRAM                           36       36        2         1
                nvCOMRAM                             32       32        4         1

        CLASS   ABS1           

        CLASS   BIGRAM         

        CLASS   RAM            

        CLASS   BANK0          

        CLASS   BANK1          
                cstackBANK1                         100      100      100         1

        CLASS   BANK2          

        CLASS   BANK3          

        CLASS   BANK4          

        CLASS   BANK5          

        CLASS   SFR            

        CLASS   FARRAM         

        CLASS   CONFIG         
                config                           300000   300000        E         0

        CLASS   IDLOC          
                idloc                            200000   200000        8         0

        CLASS   EEDATA         



SEGMENTS        Name                           Load    Length   Top    Selector   Space  Class

                reset_vec                      000000  000004  000004         0       0  CODE    
                cstackCOMRAM                   000001  000037  000038         1       1  COMRAM  
                cstackBANK1                    000100  000100  000200       100       1  BANK1   
                idataCOMRAM                    007A0C  000002  007A0E      7A0C       0  CODE    
                cinit                          007A0E  00001E  007A2C      3D07       0  CODE    
                text8                          007A2C  000020  007A4C      3D16       0  CODE    
                text4                          007A4C  00002E  007A7A      3D26       0  CODE    
                text9                          007A7A  00003A  007AB4      3D3D       0  CODE    
                text7                          007AB4  00003A  007AEE      3D5A       0  CODE    
                text3                          007AEE  000040  007B2E      3D77       0  CODE    
                text2                          007B2E  000056  007B84      3D97       0  CODE    
                text11                         007B84  000062  007BE6      3DC2       0  CODE    
                text10                         007BE6  000062  007C48      3DF3       0  CODE    
                text5                          007C48  000084  007CCC      3E24       0  CODE    
                text1                          007CCC  000086  007D52      3E66       0  CODE    
                text6                          007D52  0000EA  007E3C      3EA9       0  CODE    
                text0                          007E3C  0001C4  008000      3F1E       0  CODE    
                idloc                          200000  000008  200008    200000       0  IDLOC   
                config                         300000  00000E  30000E    300000       0  CONFIG  


UNUSED ADDRESS RANGES

        Name                Unused          Largest block    Delta
        BANK0            000060-0000FF               A0
        BANK2            000200-0002FF              100
        BANK3            000300-0003FF              100
        BANK4            000400-0004FF              100
        BANK5            000500-0005FF              100
        BIGRAM           000038-0000FF               C8
                         000200-0005FF              400
        CODE             000004-007A0B             7A08
        COMRAM           000038-00005F               28
        CONST            000004-007A0B             7A08
        EEDATA           F00000-F000FF              100
        MEDIUMCONST      000600-007A0B             740C
        RAM              000060-0000FF               A0
                         000200-0005FF              100
        SFR              000F38-000FFF               28
        SMALLCONST       000600-007A0B              100

                                  Symbol Table

?_UART1_Init             cstackCOMRAM 000001
?_UART1_Write            cstackCOMRAM 000001
?_UART2_Init             cstackCOMRAM 000001
?_UART2_Read             cstackCOMRAM 000001
?_UART2_Write            cstackCOMRAM 000001
?___lldiv                cstackCOMRAM 000001
?___lmul                 cstackCOMRAM 000001
?_laser_read             cstackCOMRAM 000008
?_wifi_write             cstackCOMRAM 000007
UART1_Init@data          cstackCOMRAM 000001
UART1_Write@c            cstackCOMRAM 000001
UART1_Write@i            cstackCOMRAM 000005
UART1_Write@length       cstackCOMRAM 000003
UART2_Init@data          cstackCOMRAM 000001
UART2_Read@c             cstackCOMRAM 000001
UART2_Write@c            cstackCOMRAM 000001
UART2_Write@i            cstackCOMRAM 000006
UART2_Write@length       cstackCOMRAM 000003
_ANSELA                  (abs)        000F38
_ANSELB                  (abs)        000F39
_ANSELC                  (abs)        000F3A
_ANSELD                  (abs)        000F3B
_ANSELE                  (abs)        000F3C
_BAUDCON1bits            (abs)        000FB8
_BAUDCON2bits            (abs)        000F70
_LATAbits                (abs)        000F89
_PIR1bits                (abs)        000F9E
_PIR3bits                (abs)        000FA4
_RCREG1                  (abs)        000FAE
_RCREG2                  (abs)        000F74
_RCSTA1bits              (abs)        000FAB
_RCSTA2bits              (abs)        000F71
_SPBRG1                  (abs)        000FAF
_SPBRG2                  (abs)        000F75
_TRISAbits               (abs)        000F92
_TRISCbits               (abs)        000F94
_TRISDbits               (abs)        000F95
_TXREG1                  (abs)        000FAD
_TXREG2                  (abs)        000F73
_TXSTA1bits              (abs)        000FAC
_TXSTA2bits              (abs)        000F72
_UART1_Init              text11       007B84
_UART1_Write             text4        007A4C
_UART2_Init              text10       007BE6
_UART2_Read              text8        007A2C
_UART2_Write             text9        007A7A
__CFG_BOREN$SBORDIS      (abs)        000000
__CFG_BORV$190           (abs)        000000
__CFG_CCP2MX$PORTC1      (abs)        000000
__CFG_CCP3MX$PORTB5      (abs)        000000
__CFG_CP0$OFF            (abs)        000000
__CFG_CP1$OFF            (abs)        000000
__CFG_CP2$OFF            (abs)        000000
__CFG_CP3$OFF            (abs)        000000
__CFG_CPB$OFF            (abs)        000000
__CFG_CPD$OFF            (abs)        000000
__CFG_EBTR0$OFF          (abs)        000000
__CFG_EBTR1$OFF          (abs)        000000
__CFG_EBTR2$OFF          (abs)        000000
__CFG_EBTR3$OFF          (abs)        000000
__CFG_EBTRB$OFF          (abs)        000000
__CFG_FCMEN$OFF          (abs)        000000
__CFG_FOSC$HSMP          (abs)        000000
__CFG_HFOFST$ON          (abs)        000000
__CFG_IESO$OFF           (abs)        000000
__CFG_LVP$ON             (abs)        000000
__CFG_MCLRE$EXTMCLR      (abs)        000000
__CFG_P2BMX$PORTD2       (abs)        000000
__CFG_PBADEN$OFF         (abs)        000000
__CFG_PLLCFG$ON          (abs)        000000
__CFG_PRICLKEN$ON        (abs)        000000
__CFG_PWRTEN$OFF         (abs)        000000
__CFG_STVREN$ON          (abs)        000000
__CFG_T3CMX$PORTC0       (abs)        000000
__CFG_WDTEN$OFF          (abs)        000000
__CFG_WDTPS$32768        (abs)        000000
__CFG_WRT0$OFF           (abs)        000000
__CFG_WRT1$OFF           (abs)        000000
__CFG_WRT2$OFF           (abs)        000000
__CFG_WRT3$OFF           (abs)        000000
__CFG_WRTB$OFF           (abs)        000000
__CFG_WRTC$OFF           (abs)        000000
__CFG_WRTD$OFF           (abs)        000000
__CFG_XINST$OFF          (abs)        000000
__HRAM                   (abs)        000000
__Habs1                  abs1         000000
__Hbank0                 bank0        000000
__Hbank1                 bank1        000000
__Hbank2                 bank2        000000
__Hbank3                 bank3        000000
__Hbank4                 bank4        000000
__Hbank5                 bank5        000000
__Hbigbss                bigbss       000000
__Hbigdata               bigdata      000000
__Hbigram                bigram       000000
__Hbss                   bss          000000
__Hcinit                 cinit        000000
__Hclrtext               clrtext      000000
__Hcomram                comram       000000
__Hconfig                config       30000E
__Hconst                 const        000000
__HcstackBANK1           cstackBANK1  000000
__HcstackCOMRAM          cstackCOMRAM 000000
__Hdata                  data         000000
__HdataCOMRAM            dataCOMRAM   000000
__Heeprom_data           eeprom_data  000000
__Hend_init              end_init     000004
__Hfarbss                farbss       000000
__Hfardata               fardata      000000
__Hibigdata              ibigdata     000000
__Hidata                 idata        000000
__HidataCOMRAM           idataCOMRAM  000000
__Hidloc                 idloc        200008
__Hifardata              ifardata     000000
__Hinit                  init         000000
__Hintcode               intcode      000000
__Hintcode_body          intcode_body 000000
__Hintcodelo             intcodelo    000000
__Hintentry              intentry     000000
__Hintret                intret       000000
__Hintsave_regs          intsave_regs 000000
__Hirdata                irdata       000000
__Hmediumconst           mediumconst  000000
__HnvCOMRAM              nvCOMRAM     000000
__HnvFARRAM              nvFARRAM     000000
__Hnvbit                 nvbit        000000
__Hnvrram                nvrram       000000
__Hparam                 rparam       000000
__Hpowerup               powerup      000000
__Hram                   ram          000000
__Hramtop                ramtop       000600
__Hrbit                  rbit         000000
__Hrbss                  rbss         000000
__Hrdata                 rdata        000000
__Hreset_vec             reset_vec    000000
__Hrparam                rparam       000000
__Hsfr                   sfr          000000
__Hsmallconst            smallconst   000000
__Hstruct                struct       000000
__Htemp                  temp         000000
__Htext                  text         000000
__Htext0                 text0        000000
__Htext1                 text1        000000
__Htext10                text10       000000
__Htext11                text11       000000
__Htext2                 text2        000000
__Htext3                 text3        000000
__Htext4                 text4        000000
__Htext5                 text5        000000
__Htext6                 text6        000000
__Htext7                 text7        000000
__Htext8                 text8        000000
__Htext9                 text9        000000
__LRAM                   (abs)        000001
__Labs1                  abs1         000000
__Lbank0                 bank0        000000
__Lbank1                 bank1        000000
__Lbank2                 bank2        000000
__Lbank3                 bank3        000000
__Lbank4                 bank4        000000
__Lbank5                 bank5        000000
__Lbigbss                bigbss       000000
__Lbigdata               bigdata      000000
__Lbigram                bigram       000000
__Lbss                   bss          000000
__Lcinit                 cinit        000000
__Lclrtext               clrtext      000000
__Lcomram                comram       000000
__Lconfig                config       300000
__Lconst                 const        000000
__LcstackBANK1           cstackBANK1  000000
__LcstackCOMRAM          cstackCOMRAM 000000
__Ldata                  data         000000
__LdataCOMRAM            dataCOMRAM   000000
__Leeprom_data           eeprom_data  000000
__Lend_init              end_init     000000
__Lfarbss                farbss       000000
__Lfardata               fardata      000000
__Libigdata              ibigdata     000000
__Lidata                 idata        000000
__LidataCOMRAM           idataCOMRAM  000000
__Lidloc                 idloc        200000
__Lifardata              ifardata     000000
__Linit                  init         000000
__Lintcode               intcode      000000
__Lintcode_body          intcode_body 000000
__Lintcodelo             intcodelo    000000
__Lintentry              intentry     000000
__Lintret                intret       000000
__Lintsave_regs          intsave_regs 000000
__Lirdata                irdata       000000
__Lmediumconst           mediumconst  000000
__LnvCOMRAM              nvCOMRAM     000000
__LnvFARRAM              nvFARRAM     000000
__Lnvbit                 nvbit        000000
__Lnvrram                nvrram       000000
__Lparam                 rparam       000000
__Lpowerup               powerup      000000
__Lram                   ram          000000
__Lramtop                ramtop       000600
__Lrbit                  rbit         000000
__Lrbss                  rbss         000000
__Lrdata                 rdata        000000
__Lreset_vec             reset_vec    000000
__Lrparam                rparam       000000
__Lsfr                   sfr          000000
__Lsmallconst            smallconst   000000
__Lstruct                struct       000000
__Ltemp                  temp         000000
__Ltext                  text         000000
__Ltext0                 text0        000000
__Ltext1                 text1        000000
__Ltext10                text10       000000
__Ltext11                text11       000000
__Ltext2                 text2        000000
__Ltext3                 text3        000000
__Ltext4                 text4        000000
__Ltext5                 text5        000000
__Ltext6                 text6        000000
__Ltext7                 text7        000000
__Ltext8                 text8        000000
__Ltext9                 text9        000000
__S0                     (abs)        30000E
__S1                     (abs)        000200
___lldiv                 text1        007CCC
___lldiv@counter         cstackCOMRAM 00000E
___lldiv@dividend        cstackCOMRAM 000001
___lldiv@divisor         cstackCOMRAM 000005
___lldiv@quotient        cstackCOMRAM 00000A
___lmul                  text2        007B2E
___lmul@multiplicand     cstackCOMRAM 000005
___lmul@multiplier       cstackCOMRAM 000001
___lmul@product          cstackCOMRAM 000009
__accesstop              (abs)        000060
__activetblptr           (abs)        000000
__end_of_UART1_Init      text11       007BE6
__end_of_UART1_Write     text4        007A7A
__end_of_UART2_Init      text10       007C48
__end_of_UART2_Read      text8        007A4C
__end_of_UART2_Write     text9        007AB4
__end_of___lldiv         text1        007D52
__end_of___lmul          text2        007B84
__end_of__initialization cinit        007A26
__end_of_laser_init      text7        007AEE
__end_of_laser_read      text6        007E3C
__end_of_main            text0        008000
__end_of_move_motor      text5        007CCC
__end_of_wifi_write      text3        007B2E
__initialization         cinit        007A0E
__mediumconst            mediumconst  000000
__pcinit                 cinit        007A0E
__pcstackBANK1           cstackBANK1  000100
__pcstackCOMRAM          cstackCOMRAM 000001
__pdataCOMRAM            dataCOMRAM   000036
__pidataCOMRAM           idataCOMRAM  007A0C
__pnvCOMRAM              nvCOMRAM     000032
__ptext0                 text0        007E3C
__ptext1                 text1        007CCC
__ptext10                text10       007BE6
__ptext11                text11       007B84
__ptext2                 text2        007B2E
__ptext3                 text3        007AEE
__ptext4                 text4        007A4C
__ptext5                 text5        007C48
__ptext6                 text6        007D52
__ptext7                 text7        007AB4
__ptext8                 text8        007A2C
__ptext9                 text9        007A7A
__ramtop                 ramtop       000600
__size_of_UART1_Init     (abs)        000000
__size_of_UART1_Write    (abs)        000000
__size_of_UART2_Init     (abs)        000000
__size_of_UART2_Read     (abs)        000000
__size_of_UART2_Write    (abs)        000000
__size_of___lldiv        (abs)        000000
__size_of___lmul         (abs)        000000
__size_of_laser_init     (abs)        000000
__size_of_laser_read     (abs)        000000
__size_of_main           (abs)        000000
__size_of_move_motor     (abs)        000000
__size_of_wifi_write     (abs)        000000
__smallconst             smallconst   000000
_laser_init              text7        007AB4
_laser_read              text6        007D52
_main                    text0        007E3C
_move_motor              text5        007C48
_uart_1_data_p           nvCOMRAM     000032
_uart_2_data_p           nvCOMRAM     000034
_wifi_write              text3        007AEE
end_of_initialization    cinit        007A26
intlevel0                text         000000
intlevel1                text         000000
intlevel2                text         000000
intlevel3                text         000000
laser_init@init          cstackCOMRAM 000009
laser_init@resp          cstackCOMRAM 00000A
laser_read@F8891         dataCOMRAM   000036
laser_read@read          cstackCOMRAM 000016
laser_read@temp          cstackCOMRAM 000012
main@arcarea             cstackCOMRAM 00002E
main@avgdist             cstackCOMRAM 00002A
main@currdist            cstackCOMRAM 000024
main@lastdist            cstackCOMRAM 00001C
main@n                   cstackCOMRAM 000028
main@total               cstackCOMRAM 000020
main@uart_data           cstackBANK1  000100
start                    init         000000
start_initialization     cinit        007A0E
wifi_write@newline       cstackCOMRAM 000010
wifi_write@total         cstackCOMRAM 000007
wifi_write@write         cstackCOMRAM 00000C


FUNCTION INFORMATION:

 *************** function _main *****************
 Defined at:
		line 83 in file "main.c"
 Parameters:    Size  Location     Type
		None
 Auto vars:     Size  Location     Type
  n               2   39[COMRAM] int 
  uart_data     256    0[BANK1 ] struct .
  arcarea         4   45[COMRAM] unsigned long 
  avgdist         4   41[COMRAM] unsigned long 
  currdist        4   35[COMRAM] unsigned long 
  total           4   31[COMRAM] unsigned long 
  lastdist        4   27[COMRAM] unsigned long 
 Return value:  Size  Location     Type
                  2   28[COMRAM] int 
 Registers used:
		wreg, fsr2l, fsr2h, status,2, status,0, cstack
 Tracked objects:
		On entry : 
		On exit  : 
		Unchanged: 
 Data sizes:     COMRAM   BANK0   BANK1   BANK2   BANK3   BANK4   BANK5
      Params:         0       0       0       0       0       0       0
      Locals:        22       0     256       0       0       0       0
      Temps:          4       0       0       0       0       0       0
      Totals:        26       0     256       0       0       0       0
Total ram usage:      282 bytes
 Hardware stack levels required when called:    2
 This function calls:
		_UART1_Init
		_UART2_Init
		_laser_init
		_laser_read
		_move_motor
		_wifi_write
		___lmul
		___lldiv
 This function is called by:
		Startup code after reset
 This function uses a non-reentrant model


 *************** function ___lldiv *****************
 Defined at:
		line 10 in file "/Applications/microchip/xc8/v1.21/sources/common/lldiv.c"
 Parameters:    Size  Location     Type
  dividend        4    0[COMRAM] unsigned long 
  divisor         4    4[COMRAM] unsigned long 
 Auto vars:     Size  Location     Type
  quotient        4    9[COMRAM] unsigned long 
  counter         1   13[COMRAM] unsigned char 
 Return value:  Size  Location     Type
                  4    0[COMRAM] unsigned long 
 Registers used:
		wreg, status,2, status,0
 Tracked objects:
		On entry : 
		On exit  : 
		Unchanged: 
 Data sizes:     COMRAM   BANK0   BANK1   BANK2   BANK3   BANK4   BANK5
      Params:         8       0       0       0       0       0       0
      Locals:         5       0       0       0       0       0       0
      Temps:          1       0       0       0       0       0       0
      Totals:        14       0       0       0       0       0       0
Total ram usage:       14 bytes
 Hardware stack levels used:    1
 This function calls:
		Nothing
 This function is called by:
		_main
 This function uses a non-reentrant model


 *************** function ___lmul *****************
 Defined at:
		line 3 in file "/Applications/microchip/xc8/v1.21/sources/common/lmul.c"
 Parameters:    Size  Location     Type
  multiplier      4    0[COMRAM] unsigned long 
  multiplicand    4    4[COMRAM] unsigned long 
 Auto vars:     Size  Location     Type
  product         4    8[COMRAM] unsigned long 
 Return value:  Size  Location     Type
                  4    0[COMRAM] unsigned long 
 Registers used:
		wreg, status,2, status,0
 Tracked objects:
		On entry : 
		On exit  : 
		Unchanged: 
 Data sizes:     COMRAM   BANK0   BANK1   BANK2   BANK3   BANK4   BANK5
      Params:         8       0       0       0       0       0       0
      Locals:         4       0       0       0       0       0       0
      Temps:          0       0       0       0       0       0       0
      Totals:        12       0       0       0       0       0       0
Total ram usage:       12 bytes
 Hardware stack levels used:    1
 This function calls:
		Nothing
 This function is called by:
		_main
 This function uses a non-reentrant model


 *************** function _wifi_write *****************
 Defined at:
		line 141 in file "operations.c"
 Parameters:    Size  Location     Type
  total           4    6[COMRAM] unsigned long 
 Auto vars:     Size  Location     Type
  write           4   11[COMRAM] unsigned char [4]
  newline         1   15[COMRAM] unsigned char 
 Return value:  Size  Location     Type
		None               void
 Registers used:
		wreg, fsr2l, fsr2h, status,2, status,0, cstack
 Tracked objects:
		On entry : 
		On exit  : 
		Unchanged: 
 Data sizes:     COMRAM   BANK0   BANK1   BANK2   BANK3   BANK4   BANK5
      Params:         4       0       0       0       0       0       0
      Locals:         5       0       0       0       0       0       0
      Temps:          1       0       0       0       0       0       0
      Totals:        10       0       0       0       0       0       0
Total ram usage:       10 bytes
 Hardware stack levels used:    1
 Hardware stack levels required when called:    1
 This function calls:
		_UART1_Write
 This function is called by:
		_main
 This function uses a non-reentrant model


 *************** function _UART1_Write *****************
 Defined at:
		line 61 in file "my_UART.c"
 Parameters:    Size  Location     Type
  c               2    0[COMRAM] PTR unsigned char 
		 -> RAM(1535), wifi_write@write(4), 
  length          2    2[COMRAM] int 
 Auto vars:     Size  Location     Type
  i               2    4[COMRAM] int 
 Return value:  Size  Location     Type
		None               void
 Registers used:
		wreg, fsr2l, fsr2h, status,2, status,0
 Tracked objects:
		On entry : 
		On exit  : 
		Unchanged: 
 Data sizes:     COMRAM   BANK0   BANK1   BANK2   BANK3   BANK4   BANK5
      Params:         4       0       0       0       0       0       0
      Locals:         2       0       0       0       0       0       0
      Temps:          0       0       0       0       0       0       0
      Totals:         6       0       0       0       0       0       0
Total ram usage:        6 bytes
 Hardware stack levels used:    1
 This function calls:
		Nothing
 This function is called by:
		_wifi_write
 This function uses a non-reentrant model


 *************** function _move_motor *****************
 Defined at:
		line 65 in file "operations.c"
 Parameters:    Size  Location     Type
		None
 Auto vars:     Size  Location     Type
		None
 Return value:  Size  Location     Type
		None               void
 Registers used:
		wreg
 Tracked objects:
		On entry : 
		On exit  : 
		Unchanged: 
 Data sizes:     COMRAM   BANK0   BANK1   BANK2   BANK3   BANK4   BANK5
      Params:         0       0       0       0       0       0       0
      Locals:         0       0       0       0       0       0       0
      Temps:          1       0       0       0       0       0       0
      Totals:         1       0       0       0       0       0       0
Total ram usage:        1 bytes
 Hardware stack levels used:    1
 This function calls:
		Nothing
 This function is called by:
		_main
 This function uses a non-reentrant model


 *************** function _laser_read *****************
 Defined at:
		line 95 in file "operations.c"
 Parameters:    Size  Location     Type
		None
 Auto vars:     Size  Location     Type
  temp            4   17[COMRAM] unsigned long 
  read            2   21[COMRAM] unsigned char [2]
 Return value:  Size  Location     Type
                  4    7[COMRAM] unsigned long 
 Registers used:
		wreg, fsr2l, fsr2h, status,2, status,0, cstack
 Tracked objects:
		On entry : 
		On exit  : 
		Unchanged: 
 Data sizes:     COMRAM   BANK0   BANK1   BANK2   BANK3   BANK4   BANK5
      Params:         4       0       0       0       0       0       0
      Locals:         6       0       0       0       0       0       0
      Temps:          6       0       0       0       0       0       0
      Totals:        16       0       0       0       0       0       0
Total ram usage:       16 bytes
 Hardware stack levels used:    1
 Hardware stack levels required when called:    1
 This function calls:
		_UART2_Write
		_UART2_Read
 This function is called by:
		_main
 This function uses a non-reentrant model


 *************** function _laser_init *****************
 Defined at:
		line 81 in file "operations.c"
 Parameters:    Size  Location     Type
		None
 Auto vars:     Size  Location     Type
  resp            1    9[COMRAM] unsigned char 
  init            1    8[COMRAM] unsigned char 
 Return value:  Size  Location     Type
		None               void
 Registers used:
		wreg, fsr2l, fsr2h, status,2, status,0, cstack
 Tracked objects:
		On entry : 
		On exit  : 
		Unchanged: 
 Data sizes:     COMRAM   BANK0   BANK1   BANK2   BANK3   BANK4   BANK5
      Params:         0       0       0       0       0       0       0
      Locals:         2       0       0       0       0       0       0
      Temps:          1       0       0       0       0       0       0
      Totals:         3       0       0       0       0       0       0
Total ram usage:        3 bytes
 Hardware stack levels used:    1
 Hardware stack levels required when called:    1
 This function calls:
		_UART2_Write
		_UART2_Read
 This function is called by:
		_main
 This function uses a non-reentrant model


 *************** function _UART2_Read *****************
 Defined at:
		line 87 in file "my_UART.c"
 Parameters:    Size  Location     Type
  c               2    0[COMRAM] PTR unsigned char 
		 -> laser_read@read(2), laser_init@resp(1), 
 Auto vars:     Size  Location     Type
		None
 Return value:  Size  Location     Type
                  2    0[COMRAM] int 
 Registers used:
		wreg, fsr2l, fsr2h, status,2
 Tracked objects:
		On entry : 
		On exit  : 
		Unchanged: 
 Data sizes:     COMRAM   BANK0   BANK1   BANK2   BANK3   BANK4   BANK5
      Params:         2       0       0       0       0       0       0
      Locals:         0       0       0       0       0       0       0
      Temps:          0       0       0       0       0       0       0
      Totals:         2       0       0       0       0       0       0
Total ram usage:        2 bytes
 Hardware stack levels used:    1
 This function calls:
		Nothing
 This function is called by:
		_laser_init
		_laser_read
 This function uses a non-reentrant model


 *************** function _UART2_Write *****************
 Defined at:
		line 69 in file "my_UART.c"
 Parameters:    Size  Location     Type
  c               2    0[COMRAM] PTR unsigned char 
		 -> laser_read@read(2), laser_init@init(1), 
  length          2    2[COMRAM] int 
 Auto vars:     Size  Location     Type
  i               2    5[COMRAM] int 
 Return value:  Size  Location     Type
		None               void
 Registers used:
		wreg, fsr2l, fsr2h, status,2, status,0
 Tracked objects:
		On entry : 
		On exit  : 
		Unchanged: 
 Data sizes:     COMRAM   BANK0   BANK1   BANK2   BANK3   BANK4   BANK5
      Params:         4       0       0       0       0       0       0
      Locals:         2       0       0       0       0       0       0
      Temps:          1       0       0       0       0       0       0
      Totals:         7       0       0       0       0       0       0
Total ram usage:        7 bytes
 Hardware stack levels used:    1
 This function calls:
		Nothing
 This function is called by:
		_laser_init
		_laser_read
 This function uses a non-reentrant model


 *************** function _UART2_Init *****************
 Defined at:
		line 36 in file "my_UART.c"
 Parameters:    Size  Location     Type
  data            2    0[COMRAM] PTR struct .
		 -> main@uart_data(256), 
 Auto vars:     Size  Location     Type
		None
 Return value:  Size  Location     Type
		None               void
 Registers used:
		wreg, fsr2l, fsr2h, status,2, status,0
 Tracked objects:
		On entry : 
		On exit  : 
		Unchanged: 
 Data sizes:     COMRAM   BANK0   BANK1   BANK2   BANK3   BANK4   BANK5
      Params:         2       0       0       0       0       0       0
      Locals:         0       0       0       0       0       0       0
      Temps:          0       0       0       0       0       0       0
      Totals:         2       0       0       0       0       0       0
Total ram usage:        2 bytes
 Hardware stack levels used:    1
 This function calls:
		Nothing
 This function is called by:
		_main
 This function uses a non-reentrant model


 *************** function _UART1_Init *****************
 Defined at:
		line 9 in file "my_UART.c"
 Parameters:    Size  Location     Type
  data            2    0[COMRAM] PTR struct .
		 -> main@uart_data(256), 
 Auto vars:     Size  Location     Type
		None
 Return value:  Size  Location     Type
		None               void
 Registers used:
		wreg, fsr2l, fsr2h, status,2, status,0
 Tracked objects:
		On entry : 
		On exit  : 
		Unchanged: 
 Data sizes:     COMRAM   BANK0   BANK1   BANK2   BANK3   BANK4   BANK5
      Params:         2       0       0       0       0       0       0
      Locals:         0       0       0       0       0       0       0
      Temps:          0       0       0       0       0       0       0
      Totals:         2       0       0       0       0       0       0
Total ram usage:        2 bytes
 Hardware stack levels used:    1
 This function calls:
		Nothing
 This function is called by:
		_main
 This function uses a non-reentrant model



MODULE INFORMATION

Module		Function		Class		Link	Load	Size
/Applications/microchip/xc8/v1.21/sources/common/lmul.c
		___lmul        		CODE           	7B2E	0000	86

/Applications/microchip/xc8/v1.21/sources/common/lmul.c estimated size: 86

shared
		__initializatio		CODE           	7A0E	0000	24

shared estimated size: 24

operations.c
		_laser_init    		CODE           	7AB4	0000	58
		_move_motor    		CODE           	7C48	0000	132
		_laser_read    		CODE           	7D52	0000	234
		_wifi_write    		CODE           	7AEE	0000	64

operations.c estimated size: 488

main.c
		_main          		CODE           	7E3C	0000	452

main.c estimated size: 452

/Applications/microchip/xc8/v1.21/sources/common/lldiv.c
		___lldiv       		CODE           	7CCC	0000	134

/Applications/microchip/xc8/v1.21/sources/common/lldiv.c estimated size: 134

my_UART.c
		_UART1_Write   		CODE           	7A4C	0000	46
		_UART2_Write   		CODE           	7A7A	0000	58
		_UART1_Init    		CODE           	7B84	0000	98
		_UART2_Init    		CODE           	7BE6	0000	98
		_UART2_Read    		CODE           	7A2C	0000	32

my_UART.c estimated size: 332

